// Jest Snapshot v1, https://goo.gl/fbAQLP

exports[`util/http/bitbucket returns cached 1`] = `Object {}`;
